  SportHub.BuildingBlocks -> D:\Semester5\SWP391\sports-center-management-system\backend\SportHub.BuildingBlocks\bin\Release\net10.0\SportHub.BuildingBlocks.dll
  SportHub.Identity -> D:\Semester5\SWP391\sports-center-management-system\backend\SportHub.Identity\bin\Release\net10.0\SportHub.Identity.dll
  SportHub.Audit -> D:\Semester5\SWP391\sports-center-management-system\backend\SportHub.Audit\bin\Release\net10.0\SportHub.Audit.dll
  SportHub.Notification -> D:\Semester5\SWP391\sports-center-management-system\backend\SportHub.Notification\bin\Release\net10.0\SportHub.Notification.dll
  SportHub.Membership -> D:\Semester5\SWP391\sports-center-management-system\backend\SportHub.Membership\bin\Release\net10.0\SportHub.Membership.dll
  SportHub.Payment -> D:\Semester5\SWP391\sports-center-management-system\backend\SportHub.Payment\bin\Release\net10.0\SportHub.Payment.dll
  SportHub.Scheduling -> D:\Semester5\SWP391\sports-center-management-system\backend\SportHub.Scheduling\bin\Release\net10.0\SportHub.Scheduling.dll
  SportHub.Administration -> D:\Semester5\SWP391\sports-center-management-system\backend\SportHub.Administration\bin\Release\net10.0\SportHub.Administration.dll
  SportHub.Training -> D:\Semester5\SWP391\sports-center-management-system\backend\SportHub.Training\bin\Release\net10.0\SportHub.Training.dll
  SportHub.AI -> D:\Semester5\SWP391\sports-center-management-system\backend\SportHub.AI\bin\Release\net10.0\SportHub.AI.dll
  SportHub.Administration.Tests -> D:\Semester5\SWP391\sports-center-management-system\backend\SportHub.Administration.Tests\bin\Release\net10.0\SportHub.Administration.Tests.dll
Test run for D:\Semester5\SWP391\sports-center-management-system\backend\SportHub.Administration.Tests\bin\Release\net10.0\SportHub.Administration.Tests.dll (.NETCoreApp,Version=v10.0)
A total of 1 test files matched the specified pattern.
  SportHub.API -> D:\Semester5\SWP391\sports-center-management-system\backend\SportHub.API\bin\Release\net10.0\SportHub.API.dll
Results File: D:\Semester5\SWP391\sports-center-management-system\backend\SportHub.Administration.Tests\TestResults\backend-wire_net10.0_20261001161150.trx

Passed!  - Failed:     0, Passed:    15, Skipped:     0, Total:    15, Duration: 3 s - SportHub.Administration.Tests.dll (net10.0)
  SportHub.Training.Tests -> D:\Semester5\SWP391\sports-center-management-system\backend\SportHub.Training.Tests\bin\Release\net10.0\SportHub.Training.Tests.dll
Test run for D:\Semester5\SWP391\sports-center-management-system\backend\SportHub.Training.Tests\bin\Release\net10.0\SportHub.Training.Tests.dll (.NETCoreApp,Version=v10.0)
D:\Semester5\SWP391\sports-center-management-system\backend\SportHub.Security.Tests\Integration\SportHubApiFactory.cs(48,90): warning CS0618: 'PostgreSqlBuilder.PostgreSqlBuilder()' is obsolete: 'This parameterless constructor is obsolete and will be removed. Use the constructor with the image parameter instead: https://github.com/testcontainers/testcontainers-dotnet/discussions/1470#discussioncomment-15185721.' [D:\Semester5\SWP391\sports-center-management-system\backend\SportHub.Security.Tests\SportHub.Security.Tests.csproj]
D:\Semester5\SWP391\sports-center-management-system\backend\SportHub.Security.Tests\Integration\GoogleLoginTests.cs(23,93): warning CS8604: Possible null reference argument for parameter 'name' in 'string FakeGoogleTokenVerifier.Token(string subject, string email, string name)'. [D:\Semester5\SWP391\sports-center-management-system\backend\SportHub.Security.Tests\SportHub.Security.Tests.csproj]
D:\Semester5\SWP391\sports-center-management-system\backend\SportHub.Security.Tests\Integration\GoogleLoginTests.cs(224,38): warning xUnit1031: Test methods should not use blocking task operations, as they can cause deadlocks. Use an async test method and await instead. (https://xunit.net/xunit.analyzers/rules/xUnit1031) [D:\Semester5\SWP391\sports-center-management-system\backend\SportHub.Security.Tests\SportHub.Security.Tests.csproj]
D:\Semester5\SWP391\sports-center-management-system\backend\SportHub.Security.Tests\Integration\GoogleLoginTests.cs(224,64): warning xUnit1031: Test methods should not use blocking task operations, as they can cause deadlocks. Use an async test method and await instead. (https://xunit.net/xunit.analyzers/rules/xUnit1031) [D:\Semester5\SWP391\sports-center-management-system\backend\SportHub.Security.Tests\SportHub.Security.Tests.csproj]
  SportHub.Security.Tests -> D:\Semester5\SWP391\sports-center-management-system\backend\SportHub.Security.Tests\bin\Release\net10.0\SportHub.Security.Tests.dll
Test run for D:\Semester5\SWP391\sports-center-management-system\backend\SportHub.Security.Tests\bin\Release\net10.0\SportHub.Security.Tests.dll (.NETCoreApp,Version=v10.0)
  SportHub.Scheduling.Tests -> D:\Semester5\SWP391\sports-center-management-system\backend\SportHub.Scheduling.Tests\bin\Release\net10.0\SportHub.Scheduling.Tests.dll
Test run for D:\Semester5\SWP391\sports-center-management-system\backend\SportHub.Scheduling.Tests\bin\Release\net10.0\SportHub.Scheduling.Tests.dll (.NETCoreApp,Version=v10.0)
A total of 1 test files matched the specified pattern.
  SportHub.Payment.Tests -> D:\Semester5\SWP391\sports-center-management-system\backend\SportHub.Payment.Tests\bin\Release\net10.0\SportHub.Payment.Tests.dll
Test run for D:\Semester5\SWP391\sports-center-management-system\backend\SportHub.Payment.Tests\bin\Release\net10.0\SportHub.Payment.Tests.dll (.NETCoreApp,Version=v10.0)
A total of 1 test files matched the specified pattern.
A total of 1 test files matched the specified pattern.
A total of 1 test files matched the specified pattern.
[xUnit.net 00:00:20.06]     SportHub.Scheduling.Tests.Integration.ThresholdTransferTests.Unpaid_transfer_expires_refunds_source_and_compensates_late_cash_without_reviving_enrollment(retry: True) [FAIL]
  Failed SportHub.Scheduling.Tests.Integration.ThresholdTransferTests.Unpaid_transfer_expires_refunds_source_and_compensates_late_cash_without_reviving_enrollment(retry: True) [1 s]
  Error Message:
   System.InvalidOperationException : Sequence contains more than one element.
  Stack Trace:
     at Microsoft.EntityFrameworkCore.Query.ShapedQueryCompilingExpressionVisitor.SingleAsync[TSource](IAsyncEnumerable`1 asyncEnumerable, CancellationToken cancellationToken)
   at Microsoft.EntityFrameworkCore.Query.ShapedQueryCompilingExpressionVisitor.SingleAsync[TSource](IAsyncEnumerable`1 asyncEnumerable, CancellationToken cancellationToken)
   at SportHub.Scheduling.Tests.Integration.ThresholdTransferTests.<>c__DisplayClass2_0.<<Unpaid_transfer_expires_refunds_source_and_compensates_late_cash_without_reviving_enrollment>b__12>d.MoveNext() in D:\Semester5\SWP391\sports-center-management-system\backend\SportHub.Scheduling.Tests\Integration\ThresholdTransferTests.cs:line 51
--- End of stack trace from previous location ---
   at SportHub.Scheduling.Tests.Integration.SchedulingApiFactory.QueryAsync[T](Func`2 query) in D:\Semester5\SWP391\sports-center-management-system\backend\SportHub.Scheduling.Tests\Integration\SchedulingApiFactory.cs:line 195
   at SportHub.Scheduling.Tests.Integration.ThresholdTransferTests.Unpaid_transfer_expires_refunds_source_and_compensates_late_cash_without_reviving_enrollment(Boolean retry) in D:\Semester5\SWP391\sports-center-management-system\backend\SportHub.Scheduling.Tests\Integration\ThresholdTransferTests.cs:line 51
--- End of stack trace from previous location ---
[xUnit.net 00:00:21.19]     SportHub.Scheduling.Tests.Integration.ThresholdTransferTests.Unpaid_transfer_expires_refunds_source_and_compensates_late_cash_without_reviving_enrollment(retry: False) [FAIL]
  Failed SportHub.Scheduling.Tests.Integration.ThresholdTransferTests.Unpaid_transfer_expires_refunds_source_and_compensates_late_cash_without_reviving_enrollment(retry: False) [1 s]
  Error Message:
   System.InvalidOperationException : Sequence contains more than one element.
  Stack Trace:
     at Microsoft.EntityFrameworkCore.Query.ShapedQueryCompilingExpressionVisitor.SingleAsync[TSource](IAsyncEnumerable`1 asyncEnumerable, CancellationToken cancellationToken)
   at Microsoft.EntityFrameworkCore.Query.ShapedQueryCompilingExpressionVisitor.SingleAsync[TSource](IAsyncEnumerable`1 asyncEnumerable, CancellationToken cancellationToken)
   at SportHub.Scheduling.Tests.Integration.ThresholdTransferTests.<>c__DisplayClass2_0.<<Unpaid_transfer_expires_refunds_source_and_compensates_late_cash_without_reviving_enrollment>b__12>d.MoveNext() in D:\Semester5\SWP391\sports-center-management-system\backend\SportHub.Scheduling.Tests\Integration\ThresholdTransferTests.cs:line 51
--- End of stack trace from previous location ---
   at SportHub.Scheduling.Tests.Integration.SchedulingApiFactory.QueryAsync[T](Func`2 query) in D:\Semester5\SWP391\sports-center-management-system\backend\SportHub.Scheduling.Tests\Integration\SchedulingApiFactory.cs:line 195
   at SportHub.Scheduling.Tests.Integration.ThresholdTransferTests.Unpaid_transfer_expires_refunds_source_and_compensates_late_cash_without_reviving_enrollment(Boolean retry) in D:\Semester5\SWP391\sports-center-management-system\backend\SportHub.Scheduling.Tests\Integration\ThresholdTransferTests.cs:line 51
--- End of stack trace from previous location ---
[xUnit.net 00:00:22.22]     SportHub.Scheduling.Tests.Integration.ThresholdTransferTests.Transfer_preserves_paid_value_and_repeated_choice_is_idempotent(targetPrice: 80000) [FAIL]
[xUnit.net 00:00:22.96]     SportHub.Training.Tests.Integration.WorkoutAndHomeworkWorkflowTests.Member_cannot_update_another_members_homework [FAIL]
  Failed SportHub.Training.Tests.Integration.WorkoutAndHomeworkWorkflowTests.Member_cannot_update_another_members_homework [729 ms]
  Error Message:
   Assert.Equal() Failure: Values differ
Expected: Forbidden
Actual:   BadRequest
  Stack Trace:
     at SportHub.Training.Tests.Integration.WorkoutAndHomeworkWorkflowTests.Member_cannot_update_another_members_homework() in D:\Semester5\SWP391\sports-center-management-system\backend\SportHub.Training.Tests\Integration\WorkoutAndHomeworkWorkflowTests.cs:line 170
--- End of stack trace from previous location ---
[xUnit.net 00:00:23.43]     SportHub.Training.Tests.Integration.WorkoutAndHomeworkWorkflowTests.Homework_has_separated_pt_and_member_write_boundaries [FAIL]
  Failed SportHub.Scheduling.Tests.Integration.ThresholdTransferTests.Transfer_preserves_paid_value_and_repeated_choice_is_idempotent(targetPrice: 80000) [1 s]
  Error Message:
   System.InvalidOperationException : Sequence contains more than one element.
  Stack Trace:
     at Microsoft.EntityFrameworkCore.Query.ShapedQueryCompilingExpressionVisitor.SingleAsync[TSource](IAsyncEnumerable`1 asyncEnumerable, CancellationToken cancellationToken)
   at Microsoft.EntityFrameworkCore.Query.ShapedQueryCompilingExpressionVisitor.SingleAsync[TSource](IAsyncEnumerable`1 asyncEnumerable, CancellationToken cancellationToken)
   at SportHub.Scheduling.Tests.Integration.ThresholdTransferTests.<>c__DisplayClass3_1.<<Transfer_preserves_paid_value_and_repeated_choice_is_idempotent>b__11>d.MoveNext() in D:\Semester5\SWP391\sports-center-management-system\backend\SportHub.Scheduling.Tests\Integration\ThresholdTransferTests.cs:line 145
--- End of stack trace from previous location ---
   at SportHub.Scheduling.Tests.Integration.SchedulingApiFactory.QueryAsync[T](Func`2 query) in D:\Semester5\SWP391\sports-center-management-system\backend\SportHub.Scheduling.Tests\Integration\SchedulingApiFactory.cs:line 195
   at SportHub.Scheduling.Tests.Integration.ThresholdTransferTests.Transfer_preserves_paid_value_and_repeated_choice_is_idempotent(Int32 targetPrice) in D:\Semester5\SWP391\sports-center-management-system\backend\SportHub.Scheduling.Tests\Integration\ThresholdTransferTests.cs:line 142
--- End of stack trace from previous location ---
[xUnit.net 00:00:23.32]     SportHub.Scheduling.Tests.Integration.ThresholdTransferTests.Transfer_preserves_paid_value_and_repeated_choice_is_idempotent(targetPrice: 120000) [FAIL]
  Failed SportHub.Training.Tests.Integration.WorkoutAndHomeworkWorkflowTests.Homework_has_separated_pt_and_member_write_boundaries [470 ms]
  Error Message:
   Assert.Equal() Failure: Values differ
Expected: OK
Actual:   BadRequest
  Stack Trace:
     at SportHub.Training.Tests.Integration.WorkoutAndHomeworkWorkflowTests.Homework_has_separated_pt_and_member_write_boundaries() in D:\Semester5\SWP391\sports-center-management-system\backend\SportHub.Training.Tests\Integration\WorkoutAndHomeworkWorkflowTests.cs:line 115
--- End of stack trace from previous location ---
[xUnit.net 00:00:24.48]     SportHub.Scheduling.Tests.Integration.ThresholdTransferTests.Transfer_preserves_paid_value_and_repeated_choice_is_idempotent(targetPrice: 100000) [FAIL]
  Failed SportHub.Scheduling.Tests.Integration.ThresholdTransferTests.Transfer_preserves_paid_value_and_repeated_choice_is_idempotent(targetPrice: 120000) [1 s]
  Error Message:
   System.InvalidOperationException : Sequence contains more than one element.
  Stack Trace:
     at Microsoft.EntityFrameworkCore.Query.ShapedQueryCompilingExpressionVisitor.SingleAsync[TSource](IAsyncEnumerable`1 asyncEnumerable, CancellationToken cancellationToken)
   at Microsoft.EntityFrameworkCore.Query.ShapedQueryCompilingExpressionVisitor.SingleAsync[TSource](IAsyncEnumerable`1 asyncEnumerable, CancellationToken cancellationToken)
   at SportHub.Scheduling.Tests.Integration.ThresholdTransferTests.<>c__DisplayClass3_1.<<Transfer_preserves_paid_value_and_repeated_choice_is_idempotent>b__11>d.MoveNext() in D:\Semester5\SWP391\sports-center-management-system\backend\SportHub.Scheduling.Tests\Integration\ThresholdTransferTests.cs:line 145
--- End of stack trace from previous location ---
   at SportHub.Scheduling.Tests.Integration.SchedulingApiFactory.QueryAsync[T](Func`2 query) in D:\Semester5\SWP391\sports-center-management-system\backend\SportHub.Scheduling.Tests\Integration\SchedulingApiFactory.cs:line 195
   at SportHub.Scheduling.Tests.Integration.ThresholdTransferTests.Transfer_preserves_paid_value_and_repeated_choice_is_idempotent(Int32 targetPrice) in D:\Semester5\SWP391\sports-center-management-system\backend\SportHub.Scheduling.Tests\Integration\ThresholdTransferTests.cs:line 142
--- End of stack trace from previous location ---
  Failed SportHub.Scheduling.Tests.Integration.ThresholdTransferTests.Transfer_preserves_paid_value_and_repeated_choice_is_idempotent(targetPrice: 100000) [1 s]
  Error Message:
   System.InvalidOperationException : Sequence contains more than one element.
  Stack Trace:
     at Microsoft.EntityFrameworkCore.Query.ShapedQueryCompilingExpressionVisitor.SingleAsync[TSource](IAsyncEnumerable`1 asyncEnumerable, CancellationToken cancellationToken)
   at Microsoft.EntityFrameworkCore.Query.ShapedQueryCompilingExpressionVisitor.SingleAsync[TSource](IAsyncEnumerable`1 asyncEnumerable, CancellationToken cancellationToken)
   at SportHub.Scheduling.Tests.Integration.ThresholdTransferTests.<>c__DisplayClass3_1.<<Transfer_preserves_paid_value_and_repeated_choice_is_idempotent>b__11>d.MoveNext() in D:\Semester5\SWP391\sports-center-management-system\backend\SportHub.Scheduling.Tests\Integration\ThresholdTransferTests.cs:line 145
--- End of stack trace from previous location ---
   at SportHub.Scheduling.Tests.Integration.SchedulingApiFactory.QueryAsync[T](Func`2 query) in D:\Semester5\SWP391\sports-center-management-system\backend\SportHub.Scheduling.Tests\Integration\SchedulingApiFactory.cs:line 195
   at SportHub.Scheduling.Tests.Integration.ThresholdTransferTests.Transfer_preserves_paid_value_and_repeated_choice_is_idempotent(Int32 targetPrice) in D:\Semester5\SWP391\sports-center-management-system\backend\SportHub.Scheduling.Tests\Integration\ThresholdTransferTests.cs:line 142
--- End of stack trace from previous location ---
[xUnit.net 00:00:25.96]     SportHub.Payment.Tests.Integration.RefundWorkflowTests.Member_request_then_manager_approval_credits_points_and_cancels_membership_atomically [FAIL]
  Failed SportHub.Payment.Tests.Integration.RefundWorkflowTests.Member_request_then_manager_approval_credits_points_and_cancels_membership_atomically [624 ms]
  Error Message:
   Assert.Equal() Failure: Strings differ
            ↓ (pos 1)
Expected: "Requested"
Actual:   "REQUESTED"
            ↑ (pos 1)
  Stack Trace:
     at SportHub.Payment.Tests.Integration.RefundWorkflowTests.Member_request_then_manager_approval_credits_points_and_cancels_membership_atomically() in D:\Semester5\SWP391\sports-center-management-system\backend\SportHub.Payment.Tests\Integration\RefundWorkflowTests.cs:line 82
--- End of stack trace from previous location ---
[xUnit.net 00:00:29.27]     SportHub.Security.Tests.Integration.LoginContractTests.Successful_login_returns_200_with_real_profile_full_name [FAIL]
  Failed SportHub.Security.Tests.Integration.LoginContractTests.Successful_login_returns_200_with_real_profile_full_name [313 ms]
  Error Message:
   Assert.Equal() Failure: Strings differ
            ↓ (pos 1)
Expected: "Member"
Actual:   "MEMBER"
            ↑ (pos 1)
  Stack Trace:
     at SportHub.Security.Tests.Integration.LoginContractTests.Successful_login_returns_200_with_real_profile_full_name() in D:\Semester5\SWP391\sports-center-management-system\backend\SportHub.Security.Tests\Integration\LoginContractTests.cs:line 44
--- End of stack trace from previous location ---
[xUnit.net 00:00:34.93]     SportHub.Security.Tests.Integration.ExternalCoachApprovalTests.Manager_reviews_through_the_state_machine_and_rental_access_follows_status [FAIL]
[xUnit.net 00:00:35.13]     SportHub.Security.Tests.Integration.ExternalCoachApprovalTests.Pending_external_coach_sees_own_profile_but_no_operational_data [FAIL]
  Failed SportHub.Security.Tests.Integration.ExternalCoachApprovalTests.Manager_reviews_through_the_state_machine_and_rental_access_follows_status [558 ms]
  Error Message:
   Assert.Equal() Failure: Strings differ
            ↓ (pos 1)
Expected: "Suspended"
Actual:   "SUSPENDED"
            ↑ (pos 1)
  Stack Trace:
     at SportHub.Security.Tests.Integration.ExternalCoachApprovalTests.Manager_reviews_through_the_state_machine_and_rental_access_follows_status() in D:\Semester5\SWP391\sports-center-management-system\backend\SportHub.Security.Tests\Integration\ExternalCoachApprovalTests.cs:line 180
--- End of stack trace from previous location ---
  Failed SportHub.Security.Tests.Integration.ExternalCoachApprovalTests.Pending_external_coach_sees_own_profile_but_no_operational_data [196 ms]
  Error Message:
   Assert.Equal() Failure: Strings differ
            ↓ (pos 1)
Expected: "PendingApproval"
Actual:   "PENDING_APPROVAL"
            ↑ (pos 1)
  Stack Trace:
     at SportHub.Security.Tests.Integration.ExternalCoachApprovalTests.Pending_external_coach_sees_own_profile_but_no_operational_data() in D:\Semester5\SWP391\sports-center-management-system\backend\SportHub.Security.Tests\Integration\ExternalCoachApprovalTests.cs:line 140
--- End of stack trace from previous location ---
[xUnit.net 00:00:35.92]     SportHub.Security.Tests.Integration.ExternalCoachApprovalTests.Rejected_external_coach_cannot_rent_and_keeps_the_note [FAIL]
  Failed SportHub.Security.Tests.Integration.ExternalCoachApprovalTests.Rejected_external_coach_cannot_rent_and_keeps_the_note [381 ms]
  Error Message:
   Assert.Equal() Failure: Strings differ
            ↓ (pos 1)
Expected: "Rejected"
Actual:   "REJECTED"
            ↑ (pos 1)
  Stack Trace:
     at SportHub.Security.Tests.Integration.ExternalCoachApprovalTests.Rejected_external_coach_cannot_rent_and_keeps_the_note() in D:\Semester5\SWP391\sports-center-management-system\backend\SportHub.Security.Tests\Integration\ExternalCoachApprovalTests.cs:line 207
--- End of stack trace from previous location ---
[xUnit.net 00:00:37.12]     SportHub.Security.Tests.Integration.CoachSpecialtyAuthorizationTests.Manager_creates_a_coach_with_specialties_and_the_coach_can_log_in [FAIL]
  Failed SportHub.Security.Tests.Integration.CoachSpecialtyAuthorizationTests.Manager_creates_a_coach_with_specialties_and_the_coach_can_log_in [671 ms]
  Error Message:
   Assert.Equal() Failure: Strings differ
            ↓ (pos 1)
Expected: "Coach"
Actual:   "COACH"
            ↑ (pos 1)
  Stack Trace:
     at SportHub.Security.Tests.Integration.CoachSpecialtyAuthorizationTests.Manager_creates_a_coach_with_specialties_and_the_coach_can_log_in() in D:\Semester5\SWP391\sports-center-management-system\backend\SportHub.Security.Tests\Integration\CoachSpecialtyAuthorizationTests.cs:line 80
--- End of stack trace from previous location ---
Results File: D:\Semester5\SWP391\sports-center-management-system\backend\SportHub.Security.Tests\TestResults\backend-wire_net10.0_20261001161236.trx

Failed!  - Failed:     5, Passed:   125, Skipped:     0, Total:   130, Duration: 41 s - SportHub.Security.Tests.dll (net10.0)
Results File: D:\Semester5\SWP391\sports-center-management-system\backend\SportHub.Training.Tests\TestResults\backend-wire_net10.0_20261001161240.trx

Failed!  - Failed:     2, Passed:    78, Skipped:     0, Total:    80, Duration: 47 s - SportHub.Training.Tests.dll (net10.0)
Results File: D:\Semester5\SWP391\sports-center-management-system\backend\SportHub.Payment.Tests\TestResults\backend-wire_net10.0_20261001161246.trx

Failed!  - Failed:     1, Passed:   116, Skipped:     0, Total:   117, Duration: 52 s - SportHub.Payment.Tests.dll (net10.0)
Results File: D:\Semester5\SWP391\sports-center-management-system\backend\SportHub.Scheduling.Tests\TestResults\backend-wire_net10.0_20261001161256.trx

Failed!  - Failed:     5, Passed:    98, Skipped:     0, Total:   103, Duration: 1 m 2 s - SportHub.Scheduling.Tests.dll (net10.0)
